============================= test session starts ==============================
platform darwin -- Python 3.14.6, pytest-9.1.1, pluggy-1.6.0
rootdir: /Users/manhhodinh/Documents/TBOT/robot/esp32-server/.worktrees/task-06-runtime-validation/main/tbot-server
configfile: pyproject.toml
plugins: anyio-4.14.2, asyncio-1.3.0
asyncio: mode=Mode.STRICT, debug=False, asyncio_default_fixture_loop_scope=None, asyncio_default_test_loop_scope=function
collected 237 items

tests/test_course_mode_runtime_integration.py .......................... [ 10%]
.......................                                                  [ 20%]
tests/test_course_embodied_dispatcher.py ............................... [ 33%]
.........                                                                [ 37%]
tests/test_google_live_course_mode.py .............                      [ 43%]
tests/test_google_live_reconnect.py .........................            [ 53%]
tests/test_course_mode_forwarder.py .....                                [ 55%]
tests/test_lesson_asset_cache.py .......ss.............................. [ 72%]
.........................................                                [ 89%]
tests/test_ws_reconnect_lifecycle.py .........................           [100%]

=============================== warnings summary ===============================
../../../../../../../../../../Library/Frameworks/Python.framework/Versions/3.14/lib/python3.14/site-packages/google/genai/types.py:34
  /Library/Frameworks/Python.framework/Versions/3.14/lib/python3.14/site-packages/google/genai/types.py:34: DeprecationWarning: '_UnionGenericAlias' is deprecated and slated for removal in Python 3.17
    VersionedUnionType = Union[builtin_types.UnionType, _UnionGenericAlias]

-- Docs: https://docs.pytest.org/en/stable/how-to/capture-warnings.html
============= 235 passed, 2 skipped, 1 warning in 62.21s (0:01:02) =============
