============================= test session starts ==============================
platform darwin -- Python 3.14.6, pytest-9.1.1, pluggy-1.6.0
rootdir: /Users/manhhodinh/Documents/TBOT/robot/esp32-server/.worktrees/task-06-runtime-validation/main/tbot-server
configfile: pyproject.toml
plugins: anyio-4.14.2, asyncio-1.3.0
asyncio: mode=Mode.STRICT, debug=False, asyncio_default_fixture_loop_scope=None, asyncio_default_test_loop_scope=function
collected 177 items

tests/test_course_mode_contract.py ............                          [  6%]
tests/test_word_mastery.py .........                                     [ 11%]
tests/test_course_orchestrator.py ....................                   [ 23%]
tests/test_course_response_plan.py ...........................           [ 38%]
tests/test_course_mode_runtime_integration.py .......................... [ 53%]
.......................                                                  [ 66%]
tests/test_google_live_course_mode.py .............                      [ 73%]
tests/test_course_embodied_dispatcher.py ............................... [ 90%]
.........                                                                [ 96%]
tests/test_course_mode_forwarder.py .....                                [ 98%]
tests/test_course_mode_e2e_journeys.py ..                                [100%]

=============================== warnings summary ===============================
../../../../../../../../../../Library/Frameworks/Python.framework/Versions/3.14/lib/python3.14/site-packages/google/genai/types.py:34
  /Library/Frameworks/Python.framework/Versions/3.14/lib/python3.14/site-packages/google/genai/types.py:34: DeprecationWarning: '_UnionGenericAlias' is deprecated and slated for removal in Python 3.17
    VersionedUnionType = Union[builtin_types.UnionType, _UnionGenericAlias]

-- Docs: https://docs.pytest.org/en/stable/how-to/capture-warnings.html
======================= 177 passed, 1 warning in 12.13s ========================
real 12.46
user 1.11
sys 0.13
           158416896  maximum resident set size
                   0  average shared memory size
                   0  average unshared data size
                   0  average unshared stack size
               16905  page reclaims
                 607  page faults
                   0  swaps
                   0  block input operations
                   0  block output operations
                   0  messages sent
                   0  messages received
                   0  signals received
                1278  voluntary context switches
                1999  involuntary context switches
         13512623681  instructions retired
          4825366642  cycles elapsed
           136168024  peak memory footprint
