........................................................................ [  5%]
........................................................................ [ 11%]
........................................................................ [ 17%]
........................................................................ [ 22%]
........................................................................ [ 28%]
........................................................................ [ 34%]
..............................................................s......... [ 39%]
........................................................................ [ 45%]
........................................................................ [ 51%]
........................................................................ [ 56%]
........................................................................ [ 62%]
........................................................................ [ 68%]
........................................................................ [ 73%]
........................................................................ [ 79%]
........................................................................ [ 85%]
........................................................................ [ 90%]
........................................................................ [ 96%]
..............................................                           [100%]
1269 passed, 1 skipped in 10.07s
real 10.26
user 5.57
sys 2.02
           771817472  maximum resident set size
                   0  average shared memory size
                   0  average unshared data size
                   0  average unshared stack size
              475249  page reclaims
               14131  page faults
                   0  swaps
                   0  block input operations
                   0  block output operations
                   0  messages sent
                   0  messages received
                   3  signals received
               46739  voluntary context switches
               14392  involuntary context switches
         19836896614  instructions retired
          7168757666  cycles elapsed
           760300504  peak memory footprint
