........................................................................ [ 36%]
........................................................................ [ 73%]
...................................................                      [100%]
195 passed in 0.21s
........................................................................ [  5%]
........................................................................ [ 11%]
........................................................................ [ 17%]
........................................................................ [ 22%]
........................................................................ [ 28%]
........................................................................ [ 34%]
..............................................................s......... [ 39%]
........................................................................ [ 45%]
........................................................................ [ 51%]
........................................................................ [ 56%]
........................................................................ [ 62%]
........................................................................ [ 68%]
........................................................................ [ 73%]
........................................................................ [ 79%]
........................................................................ [ 85%]
........................................................................ [ 90%]
........................................................................ [ 96%]
..............................................                           [100%]
1269 passed, 1 skipped in 11.38s
